patch:
0	:  @@ -1,4 +1,5 @@
1	:  .klass {
2	:   font-size: 14px;
3	: + 
4	:   font-size: 14px;
5	:  }


newLineToLineInDiffTable:
0 : 1
1 : 2
2 : 3
3 : 4
4 : 5
5 : 6


newLineToOldLineTable:
-1 : 1
0 : 2
1 : 3
2 : null
3 : 4
4 : 5
