{
  "version": "2.1.0",
  "runs": [
    {
      "tool": {
        "driver": {
          "name": "Violations Lib",
          "notifications": [],
          "rules": [],
          "taxa": [],
          "locations": [],
          "language": "en-US",
          "contents": [
            "nonLocalizedData"
          ],
          "isComprehensive": true,
          "supportedTaxonomies": []
        },
        "extensions": []
      },
      "invocations": [],
      "language": "en-US",
      "versionControlProvenance": [],
      "artifacts": [],
      "logicalLocations": [],
      "graphs": [],
      "results": [
        {
          "ruleId": "",
          "ruleIndex": -1,
          "kind": "fail",
          "level": "none",
          "message": {
            "text": "asdasd",
            "arguments": []
          },
          "locations": [
            {
              "id": -1,
              "physicalLocation": {
                "artifactLocation": {
                  "uri": "whatever/path.c",
                  "index": -1
                },
                "region": {
                  "startLine": 123,
                  "endLine": 123,
                  "charOffset": -1,
                  "byteOffset": -1,
                  "message": {
                    "text": "asdasd",
                    "arguments": []
                  }
                }
              },
              "logicalLocations": [],
              "annotations": [],
              "relationships": []
            }
          ],
          "stacks": [],
          "codeFlows": [],
          "graphs": [],
          "graphTraversals": [],
          "relatedLocations": [],
          "suppressions": [],
          "rank": -1.0,
          "attachments": [],
          "workItemUris": [],
          "fixes": [],
          "taxa": []
        },
        {
          "ruleId": "Cyclomatic complexity",
          "ruleIndex": -1,
          "kind": "fail",
          "level": "error",
          "message": {
            "text": "asdasd",
            "arguments": []
          },
          "locations": [
            {
              "id": -1,
              "physicalLocation": {
                "artifactLocation": {
                  "uri": "whatever/path.c",
                  "index": -1
                },
                "region": {
                  "startLine": 123,
                  "endLine": 123,
                  "charOffset": -1,
                  "byteOffset": -1,
                  "message": {
                    "text": "asdasd",
                    "arguments": []
                  }
                }
              },
              "logicalLocations": [],
              "annotations": [],
              "relationships": []
            }
          ],
          "stacks": [],
          "codeFlows": [],
          "graphs": [],
          "graphTraversals": [],
          "relatedLocations": [],
          "suppressions": [],
          "rank": -1.0,
          "attachments": [],
          "workItemUris": [],
          "fixes": [],
          "taxa": []
        }
      ],
      "runAggregates": [],
      "redactionTokens": [],
      "newlineSequences": [
        "\r\n",
        "\n"
      ],
      "threadFlowLocations": [],
      "taxonomies": [],
      "addresses": [],
      "translations": [],
      "policies": [],
      "webRequests": [],
      "webResponses": []
    }
  ],
  "inlineExternalProperties": []
}